
> react-example@0.0.0 build
> vite build

[36mvite v6.4.1 [32mbuilding for production...[36m[39m
transforming...
[32mΓ£ô[39m 6 modules transformed.
node.exe : [31mΓ£ù[39m Build failed in 183ms
At line:1 char:1
+ & "C:\Program Files\nodejs/node.exe" "C:\Program Files\nodejs/node_mo ...
+ ~~~~~~~~~~~~~~~~~~~~~~~~~~~~~~~~~~~~~~~~~~~~~~~~~~~~~~~~~~~~~~~~~~~~~
    + CategoryInfo          : NotSpecified: ([31mΓ£ù[39m Build failed in 183ms:String) [], RemoteException
    + FullyQualifiedErrorId : NativeCommandError
 
[31merror during build:
[31m[vite:esbuild] Transform failed with 1 error:
D:/Lenovo Narayana 2026/Software Products/Antigravity Projects/pgmentor/pgmentor Ver 1/src/App.tsx:17395:24: ERROR: 
Cannot use "continue" here:[31m
file: [36mD:/Lenovo Narayana 2026/Software Products/Antigravity Projects/pgmentor/pgmentor Ver 
1/src/App.tsx:17395:24[31m
[33m
[33mCannot use "continue" here:[33m
17393|          }
17394|          
17395|          if (!topicName) continue;
   |                          ^
17396|          
17397|          try {
[31m
    at failureErrorWithLog (D:\Lenovo Narayana 2026\Software Products\Antigravity Projects\pgmentor\pgmentor Ver 
1\node_modules\vite\node_modules\esbuild\lib\main.js:1467:15)
    at D:\Lenovo Narayana 2026\Software Products\Antigravity Projects\pgmentor\pgmentor Ver 
1\node_modules\vite\node_modules\esbuild\lib\main.js:736:50
    at responseCallbacks.<computed> (D:\Lenovo Narayana 2026\Software Products\Antigravity Projects\pgmentor\pgmentor 
Ver 1\node_modules\vite\node_modules\esbuild\lib\main.js:603:9)
    at handleIncomingPacket (D:\Lenovo Narayana 2026\Software Products\Antigravity Projects\pgmentor\pgmentor Ver 
1\node_modules\vite\node_modules\esbuild\lib\main.js:658:12)
    at Socket.readFromStdout (D:\Lenovo Narayana 2026\Software Products\Antigravity Projects\pgmentor\pgmentor Ver 
1\node_modules\vite\node_modules\esbuild\lib\main.js:581:7)
    at Socket.emit (node:events:508:28)
    at addChunk (node:internal/streams/readable:563:12)
    at readableAddChunkPushByteMode (node:internal/streams/readable:514:3)
    at Readable.push (node:internal/streams/readable:394:5)
    at Pipe.onStreamRead (node:internal/stream_base_commons:189:23)[39m
